{
    "ptmshepherd - integration with test data": {
        "content": [
            [
                
            ],
            [
                
            ],
            [
                
            ],
            [
                
            ],
            [
                
            ],
            [
                
            ]
        ],
        "timestamp": "2026-03-25T17:09:38.036388517",
        "meta": {
            "nf-test": "0.9.5",
            "nextflow": "25.10.2"
        }
    },
    "ptmshepherd - stub": {
        "content": [
            [
                [
                    {
                        "id": "test_shepherd"
                    },
                    [
                        "global.modsummary.tsv:md5,d41d8cd98f00b204e9800998ecf8427e",
                        "global.profile.tsv:md5,d41d8cd98f00b204e9800998ecf8427e",
                        "ptmshepherd.log:md5,d41d8cd98f00b204e9800998ecf8427e"
                    ]
                ]
            ],
            [
                [
                    {
                        "id": "test_shepherd"
                    },
                    "global.profile.tsv:md5,d41d8cd98f00b204e9800998ecf8427e"
                ]
            ],
            [
                [
                    {
                        "id": "test_shepherd"
                    },
                    "global.modsummary.tsv:md5,d41d8cd98f00b204e9800998ecf8427e"
                ]
            ],
            [
                
            ],
            [
                
            ],
            [
                
            ]
        ],
        "timestamp": "2026-03-25T03:51:40.03799713",
        "meta": {
            "nf-test": "0.9.5",
            "nextflow": "25.10.2"
        }
    }
}