{
    "input_check - stub": {
        "content": [
            [
                "test_sdrf.tsv:md5,7f4670d97b6647a4c13e13d263da6d45"
            ],
            [
                true
            ]
        ],
        "timestamp": "2026-03-25T03:57:19.32618447",
        "meta": {
            "nf-test": "0.9.5",
            "nextflow": "25.10.2"
        }
    }
}