{
    "philosopher_pipeline - stub": {
        "content": [
            [
                [
                    {
                        "id": "test"
                    },
                    [
                        "peptide.tsv:md5,d41d8cd98f00b204e9800998ecf8427e",
                        "philosopher.log:md5,d41d8cd98f00b204e9800998ecf8427e",
                        "protein.tsv:md5,d41d8cd98f00b204e9800998ecf8427e",
                        "psm.tsv:md5,d41d8cd98f00b204e9800998ecf8427e"
                    ]
                ]
            ],
            [
                [
                    {
                        "id": "test"
                    },
                    "protein.tsv:md5,d41d8cd98f00b204e9800998ecf8427e"
                ]
            ],
            [
                [
                    {
                        "id": "test"
                    },
                    "peptide.tsv:md5,d41d8cd98f00b204e9800998ecf8427e"
                ]
            ],
            [
                [
                    {
                        "id": "test"
                    },
                    "psm.tsv:md5,d41d8cd98f00b204e9800998ecf8427e"
                ]
            ]
        ],
        "timestamp": "2026-03-25T03:51:05.145358014",
        "meta": {
            "nf-test": "0.9.5",
            "nextflow": "25.10.2"
        }
    }
}