{
    "philosopher_report - stub": {
        "content": [
            [
                [
                    {
                        "id": "test"
                    },
                    [
                        "peptide.tsv:md5,d41d8cd98f00b204e9800998ecf8427e",
                        "philosopher_report.log:md5,d41d8cd98f00b204e9800998ecf8427e",
                        "protein.tsv:md5,d41d8cd98f00b204e9800998ecf8427e",
                        "psm.tsv:md5,d41d8cd98f00b204e9800998ecf8427e"
                    ]
                ]
            ],
            [
                [
                    {
                        "id": "test"
                    },
                    "psm.tsv:md5,d41d8cd98f00b204e9800998ecf8427e"
                ]
            ],
            [
                [
                    {
                        "id": "test"
                    },
                    "peptide.tsv:md5,d41d8cd98f00b204e9800998ecf8427e"
                ]
            ],
            [
                [
                    {
                        "id": "test"
                    },
                    "protein.tsv:md5,d41d8cd98f00b204e9800998ecf8427e"
                ]
            ],
            [
                
            ],
            [
                [
                    "PHILOSOPHER_REPORT",
                    "philosopher",
                    ""
                ]
            ],
            [
                [
                    "PHILOSOPHER_REPORT",
                    "fragpipe",
                    "24.0"
                ]
            ]
        ],
        "timestamp": "2026-03-31T19:43:42.699935191",
        "meta": {
            "nf-test": "0.9.5",
            "nextflow": "25.10.2"
        }
    }
}