{
    "skyline - stub": {
        "content": [
            [
                [
                    {
                        "id": "test_skyline"
                    },
                    [
                        "skyline.log:md5,d41d8cd98f00b204e9800998ecf8427e",
                        [
                            "fragpipe.sky:md5,d41d8cd98f00b204e9800998ecf8427e"
                        ]
                    ]
                ]
            ],
            [
                [
                    {
                        "id": "test_skyline"
                    },
                    "fragpipe.sky:md5,d41d8cd98f00b204e9800998ecf8427e"
                ]
            ],
            [
                
            ],
            [
                [
                    "SKYLINE",
                    "skyline",
                    "24.0"
                ]
            ],
            [
                [
                    "SKYLINE",
                    "fragpipe",
                    "24.0"
                ]
            ]
        ],
        "timestamp": "2026-03-31T19:45:22.281722147",
        "meta": {
            "nf-test": "0.9.5",
            "nextflow": "25.10.2"
        }
    }
}