{
    "msfragger - stub": {
        "content": [
            [
                [
                    {
                        "id": "test_sample"
                    },
                    "sample.pepXML:md5,d41d8cd98f00b204e9800998ecf8427e"
                ]
            ],
            [
                [
                    {
                        "id": "test_sample"
                    },
                    "sample.pin:md5,d41d8cd98f00b204e9800998ecf8427e"
                ]
            ],
            [
                [
                    {
                        "id": "test_sample"
                    },
                    "sample_scores_histogram.tsv:md5,d41d8cd98f00b204e9800998ecf8427e"
                ]
            ],
            [
                
            ],
            [
                
            ],
            [
                [
                    {
                        "id": "test_sample"
                    },
                    [
                        "msfragger.log:md5,d41d8cd98f00b204e9800998ecf8427e",
                        "sample.pepXML:md5,d41d8cd98f00b204e9800998ecf8427e",
                        "sample.pin:md5,d41d8cd98f00b204e9800998ecf8427e",
                        "sample_scores_histogram.tsv:md5,d41d8cd98f00b204e9800998ecf8427e"
                    ]
                ]
            ],
            [
                [
                    {
                        "id": "test_sample"
                    },
                    "msfragger.log:md5,d41d8cd98f00b204e9800998ecf8427e"
                ]
            ],
            [
                "I_AGREE_FRAGPIPE_LICENSE_AGREEMENT:md5,d41d8cd98f00b204e9800998ecf8427e"
            ]
        ],
        "timestamp": "2026-03-25T03:49:44.254896253",
        "meta": {
            "nf-test": "0.9.5",
            "nextflow": "25.10.2"
        }
    },
    "msfragger - local TMT subset": {
        "content": [
            [
                
            ],
            [
                
            ]
        ],
        "timestamp": "2026-03-25T17:05:30.283330379",
        "meta": {
            "nf-test": "0.9.5",
            "nextflow": "25.10.2"
        }
    }
}