{
    "ionquant - stub with config file": {
        "content": [
            [
                [
                    {
                        "id": "test_quant"
                    },
                    [
                        "combined_ion.tsv:md5,d41d8cd98f00b204e9800998ecf8427e",
                        "combined_modified_peptide.tsv:md5,d41d8cd98f00b204e9800998ecf8427e",
                        "combined_peptide.tsv:md5,d41d8cd98f00b204e9800998ecf8427e",
                        "combined_protein.tsv:md5,d41d8cd98f00b204e9800998ecf8427e",
                        "ion.tsv:md5,d41d8cd98f00b204e9800998ecf8427e",
                        "test_quant_ionquant.log:md5,d41d8cd98f00b204e9800998ecf8427e"
                    ]
                ]
            ],
            [
                [
                    {
                        "id": "test_quant"
                    },
                    "ion.tsv:md5,d41d8cd98f00b204e9800998ecf8427e"
                ]
            ],
            [
                [
                    {
                        "id": "test_quant"
                    },
                    "combined_ion.tsv:md5,d41d8cd98f00b204e9800998ecf8427e"
                ]
            ],
            [
                [
                    {
                        "id": "test_quant"
                    },
                    "combined_protein.tsv:md5,d41d8cd98f00b204e9800998ecf8427e"
                ]
            ],
            [
                [
                    {
                        "id": "test_quant"
                    },
                    "combined_peptide.tsv:md5,d41d8cd98f00b204e9800998ecf8427e"
                ]
            ],
            [
                [
                    {
                        "id": "test_quant"
                    },
                    "combined_modified_peptide.tsv:md5,d41d8cd98f00b204e9800998ecf8427e"
                ]
            ],
            [
                
            ],
            [
                [
                    {
                        "id": "test_quant"
                    },
                    [
                        "combined_ion.tsv:md5,d41d8cd98f00b204e9800998ecf8427e",
                        "combined_modified_peptide.tsv:md5,d41d8cd98f00b204e9800998ecf8427e",
                        "combined_peptide.tsv:md5,d41d8cd98f00b204e9800998ecf8427e",
                        "combined_protein.tsv:md5,d41d8cd98f00b204e9800998ecf8427e",
                        "ion.tsv:md5,d41d8cd98f00b204e9800998ecf8427e"
                    ]
                ]
            ],
            [
                "I_AGREE_FRAGPIPE_LICENSE_AGREEMENT:md5,d41d8cd98f00b204e9800998ecf8427e"
            ]
        ],
        "timestamp": "2026-03-25T03:49:08.411066185",
        "meta": {
            "nf-test": "0.9.5",
            "nextflow": "25.10.2"
        }
    }
}