{
    "generate_sdrf_from_samplesheet - stub": {
        "content": [
            [
                "samplesheet.sdrf.tsv:md5,d41d8cd98f00b204e9800998ecf8427e"
            ]
        ],
        "timestamp": "2026-03-25T03:49:02.202399661",
        "meta": {
            "nf-test": "0.9.5",
            "nextflow": "25.10.2"
        }
    }
}