{
    "fragpipe_headless - stub": {
        "content": [
            [
                [
                    "combined_ion.tsv:md5,d41d8cd98f00b204e9800998ecf8427e",
                    "combined_peptide.tsv:md5,d41d8cd98f00b204e9800998ecf8427e",
                    "combined_protein.tsv:md5,d41d8cd98f00b204e9800998ecf8427e",
                    "protein.tsv:md5,d41d8cd98f00b204e9800998ecf8427e",
                    "psm.tsv:md5,d41d8cd98f00b204e9800998ecf8427e"
                ]
            ],
            [
                "combined_protein.tsv:md5,d41d8cd98f00b204e9800998ecf8427e"
            ],
            [
                "combined_peptide.tsv:md5,d41d8cd98f00b204e9800998ecf8427e"
            ],
            [
                "combined_ion.tsv:md5,d41d8cd98f00b204e9800998ecf8427e"
            ]
        ],
        "timestamp": "2026-03-25T03:48:50.692202093",
        "meta": {
            "nf-test": "0.9.5",
            "nextflow": "25.10.2"
        }
    }
}