{
    "tmtlabelcheck - stub psm mode": {
        "content": [
            [
                [
                    {
                        "id": "test"
                    },
                    "report.html:md5,5870ce26bee812ced6c26fe54ac3861c"
                ]
            ],
            [
                [
                    {
                        "id": "test"
                    },
                    "report.md:md5,e232ba33dde02c30e8c9dbdabc525d7d"
                ]
            ],
            [
                [
                    {
                        "id": "test"
                    },
                    "labeling_summary.tsv:md5,e51ebb87d0eaa9012a2478a6c8d34bb5"
                ]
            ],
            [
                [
                    {
                        "id": "test"
                    },
                    "per_sample_efficiency.csv:md5,194771a70f5749c555e858384e3c3aeb"
                ]
            ],
            [
                [
                    "TMT_LABELCHECK_ANALYZE",
                    "python",
                    "3.14.2"
                ]
            ]
        ],
        "timestamp": "2026-03-31T19:46:27.972115511",
        "meta": {
            "nf-test": "0.9.5",
            "nextflow": "25.10.2"
        }
    },
    "tmtlabelcheck - stub ionquant mode": {
        "content": [
            [
                [
                    {
                        "id": "test"
                    },
                    "report.html:md5,5870ce26bee812ced6c26fe54ac3861c"
                ]
            ],
            [
                [
                    {
                        "id": "test"
                    },
                    "report.md:md5,e232ba33dde02c30e8c9dbdabc525d7d"
                ]
            ],
            [
                [
                    {
                        "id": "test"
                    },
                    "labeling_summary.tsv:md5,e51ebb87d0eaa9012a2478a6c8d34bb5"
                ]
            ],
            [
                [
                    {
                        "id": "test"
                    },
                    "per_sample_efficiency.csv:md5,194771a70f5749c555e858384e3c3aeb"
                ]
            ],
            [
                [
                    "TMT_LABELCHECK_ANALYZE",
                    "python",
                    "3.14.2"
                ]
            ]
        ],
        "timestamp": "2026-03-31T19:46:39.476557509",
        "meta": {
            "nf-test": "0.9.5",
            "nextflow": "25.10.2"
        }
    }
}