{
    "merge_split_search - stub": {
        "content": [
            [
                [
                    {
                        "id": "test_sample"
                    },
                    "test_sample.pepXML:md5,d41d8cd98f00b204e9800998ecf8427e"
                ]
            ],
            [
                [
                    {
                        "id": "test_sample"
                    },
                    "test_sample.pin:md5,d41d8cd98f00b204e9800998ecf8427e"
                ]
            ],
            [
                "I_AGREE_FRAGPIPE_LICENSE_AGREEMENT:md5,d41d8cd98f00b204e9800998ecf8427e"
            ],
            [
                [
                    "MERGE_SPLIT_SEARCH",
                    "msfragger",
                    "24.0"
                ]
            ],
            [
                [
                    "MERGE_SPLIT_SEARCH",
                    "fragpipe",
                    "24.0"
                ]
            ]
        ],
        "meta": {
            "nf-test": "0.9.3",
            "nextflow": "25.10.4"
        },
        "timestamp": "2026-09-29T17:21:41.154969394"
    },
    "merge_split_search - integration with mock data": {
        "content": [
            [
                "test_sample.pepXML"
            ],
            [
                "test_sample.pin"
            ],
            [
                [
                    "MERGE_SPLIT_SEARCH",
                    "msfragger",
                    "4.4.1"
                ]
            ],
            [
                [
                    "MERGE_SPLIT_SEARCH",
                    "fragpipe",
                    "24.0"
                ]
            ]
        ],
        "meta": {
            "nf-test": "0.9.3",
            "nextflow": "25.10.4"
        },
        "timestamp": "2026-09-29T17:26:24.352887732"
    }
}